MySQL Shell 8.0.43

Copyright (c) 2016, 2025, Oracle and/or its affiliates.
Oracle is a registered trademark of Oracle Corporation and/or its affiliates.
Other names may be trademarks of their respective owners.

Type '\help' or '\?' for help; '\quit' to exit.
 MySQL  JS > \c root@localhost
Creating a session to 'root@localhost'
Fetching schema names for auto-completion... Press ^C to stop.
Your MySQL connection id is 9 (X protocol)
Server version: 8.0.43 MySQL Community Server - GPL
No default schema selected; type \use <schema> to set one.
 MySQL  localhost:33060+ ssl  JS > \sql
Switching to SQL mode... Commands end with ;
Fetching global names for auto-completion... Press ^C to stop.
 MySQL  localhost:33060+ ssl  SQL > create database tbd2;
ERROR: 1007: Can't create database 'tbd2'; database exists
 MySQL  localhost:33060+ ssl  SQL > use tbd2;
Default schema set to `tbd2`.
Fetching global names, object names from `tbd2` for auto-completion... Press ^C to stop.
 MySQL  localhost:33060+ ssl  tbd2  SQL > create table cliente(
                                       ->     idcliente int not null auto_increment key,
                                       ->     nombre varchar(50) not null,
                                       ->     rfc varchar(13) not null
                                       -> );
Query OK, 0 rows affected (0.0467 sec)
 MySQL  localhost:33060+ ssl  tbd2  SQL > desc cliente;
+-----------+-------------+------+-----+---------+----------------+
| Field     | Type        | Null | Key | Default | Extra          |
+-----------+-------------+------+-----+---------+----------------+
| idcliente | int         | NO   | PRI | NULL    | auto_increment |
| nombre    | varchar(50) | NO   |     | NULL    |                |
| rfc       | varchar(13) | NO   |     | NULL    |                |
+-----------+-------------+------+-----+---------+----------------+
3 rows in set (0.0063 sec)
 MySQL  localhost:33060+ ssl  tbd2  SQL > insert into cliente(nombre, rfc)
                                       -> values('ernesto', 'tfds536978521'), ('juana', 'rtfd879632578'), ('sofia', 'fipt896352147');
Query OK, 3 rows affected (0.0063 sec)

Records: 3  Duplicates: 0  Warnings: 0
 MySQL  localhost:33060+ ssl  tbd2  SQL > select * from cliente;
+-----------+---------+---------------+
| idcliente | nombre  | rfc           |
+-----------+---------+---------------+
|         1 | ernesto | tfds536978521 |
|         2 | juana   | rtfd879632578 |
|         3 | sofia   | fipt896352147 |
+-----------+---------+---------------+
3 rows in set (0.0015 sec)
 MySQL  localhost:33060+ ssl  tbd2  SQL > create table venta(
                                       ->     idventa int not null auto_increment key,
                                       ->     fecha date not null,
                                       ->     idcliente int not null,
                                       ->     foreign key(idcliente) references cliente(idcliente)
                                       -> );
Query OK, 0 rows affected (0.0782 sec)
 MySQL  localhost:33060+ ssl  tbd2  SQL > show create table venta;
+-------+----------------------------------------------------------------------------------------------------------------------------------------------------------------------------------------------------------------------------------------------------------------------------------------------------------------------------------------------+
| Table | Create Table                                                                                                                                                                                                                                                                                                                                 |
+-------+----------------------------------------------------------------------------------------------------------------------------------------------------------------------------------------------------------------------------------------------------------------------------------------------------------------------------------------------+
| venta | CREATE TABLE `venta` (
  `idventa` int NOT NULL AUTO_INCREMENT,
  `fecha` date NOT NULL,
  `idcliente` int NOT NULL,
  PRIMARY KEY (`idventa`),
  KEY `idcliente` (`idcliente`),
  CONSTRAINT `venta_ibfk_1` FOREIGN KEY (`idcliente`) REFERENCES `cliente` (`idcliente`)
) ENGINE=InnoDB DEFAULT CHARSET=utf8mb4 COLLATE=utf8mb4_0900_ai_ci |
+-------+----------------------------------------------------------------------------------------------------------------------------------------------------------------------------------------------------------------------------------------------------------------------------------------------------------------------------------------------+
1 row in set (0.0049 sec)
 MySQL  localhost:33060+ ssl  tbd2  SQL > select * from cliente;
+-----------+---------+---------------+
| idcliente | nombre  | rfc           |
+-----------+---------+---------------+
|         1 | ernesto | tfds536978521 |
|         2 | juana   | rtfd879632578 |
|         3 | sofia   | fipt896352147 |
+-----------+---------+---------------+
3 rows in set (0.0028 sec)
 MySQL  localhost:33060+ ssl  tbd2  SQL > desc venta;
+-----------+------+------+-----+---------+----------------+
| Field     | Type | Null | Key | Default | Extra          |
+-----------+------+------+-----+---------+----------------+
| idventa   | int  | NO   | PRI | NULL    | auto_increment |
| fecha     | date | NO   |     | NULL    |                |
| idcliente | int  | NO   | MUL | NULL    |                |
+-----------+------+------+-----+---------+----------------+
3 rows in set (0.0043 sec)
 MySQL  localhost:33060+ ssl  tbd2  SQL > insert into venta(fecha, idcliente) value('2025-08-30', 5);
ERROR: 1452: Cannot add or update a child row: a foreign key constraint fails (`tbd2`.`venta`, CONSTRAINT `venta_ibfk_1` FOREIGN KEY (`idcliente`) REFERENCES `cliente` (`idcliente`))
 MySQL  localhost:33060+ ssl  tbd2  SQL > insert into venta(fecha, idcliente) value('2025-08-30', 1);
Query OK, 1 row affected (0.0053 sec)
 MySQL  localhost:33060+ ssl  tbd2  SQL > insert into venta(fecha, idcliente) value('2025-08-30', 2);
Query OK, 1 row affected (0.0047 sec)
 MySQL  localhost:33060+ ssl  tbd2  SQL > insert into venta(fecha, idcliente) value('2025-08-30', 3);
Query OK, 1 row affected (0.0040 sec)
 MySQL  localhost:33060+ ssl  tbd2  SQL > select * from cliente;
+-----------+---------+---------------+
| idcliente | nombre  | rfc           |
+-----------+---------+---------------+
|         1 | ernesto | tfds536978521 |
|         2 | juana   | rtfd879632578 |
|         3 | sofia   | fipt896352147 |
+-----------+---------+---------------+
3 rows in set (0.0015 sec)
 MySQL  localhost:33060+ ssl  tbd2  SQL > select * from venta;
+---------+------------+-----------+
| idventa | fecha      | idcliente |
+---------+------------+-----------+
|       2 | 2025-08-30 |         1 |
|       3 | 2025-08-30 |         2 |
|       4 | 2025-08-30 |         3 |
+---------+------------+-----------+
3 rows in set (0.0011 sec)
 MySQL  localhost:33060+ ssl  tbd2  SQL > insert into venta(fecha, idcliente) value('2025-08-30', 3);
Query OK, 1 row affected (0.0048 sec)
 MySQL  localhost:33060+ ssl  tbd2  SQL > select * from venta;
+---------+------------+-----------+
| idventa | fecha      | idcliente |
+---------+------------+-----------+
|       2 | 2025-08-30 |         1 |
|       3 | 2025-08-30 |         2 |
|       4 | 2025-08-30 |         3 |
|       5 | 2025-08-30 |         3 |
+---------+------------+-----------+
4 rows in set (0.0016 sec)
 MySQL  localhost:33060+ ssl  tbd2  SQL > delete from cliente where idcliente=1;
ERROR: 1451: Cannot delete or update a parent row: a foreign key constraint fails (`tbd2`.`venta`, CONSTRAINT `venta_ibfk_1` FOREIGN KEY (`idcliente`) REFERENCES `cliente` (`idcliente`))
 MySQL  localhost:33060+ ssl  tbd2  SQL > delete from venta where idcliente=1;
Query OK, 1 row affected (0.0043 sec)
 MySQL  localhost:33060+ ssl  tbd2  SQL > delete from cliente where idcliente=1;
Query OK, 1 row affected (0.0039 sec)
 MySQL  localhost:33060+ ssl  tbd2  SQL > desc venta;
+-----------+------+------+-----+---------+----------------+
| Field     | Type | Null | Key | Default | Extra          |
+-----------+------+------+-----+---------+----------------+
| idventa   | int  | NO   | PRI | NULL    | auto_increment |
| fecha     | date | NO   |     | NULL    |                |
| idcliente | int  | NO   | MUL | NULL    |                |
+-----------+------+------+-----+---------+----------------+
3 rows in set (0.0038 sec)
 MySQL  localhost:33060+ ssl  tbd2  SQL > show create table venta;
+-------+---------------------------------------------------------------------------------------------------------------------------------------------------------------------------------------------------------------------------------------------------------------------------------------------------------------------------------------------------------------+
| Table | Create Table                                                                                                                                                                                                                                                                                                                                                  |
+-------+---------------------------------------------------------------------------------------------------------------------------------------------------------------------------------------------------------------------------------------------------------------------------------------------------------------------------------------------------------------+
| venta | CREATE TABLE `venta` (
  `idventa` int NOT NULL AUTO_INCREMENT,
  `fecha` date NOT NULL,
  `idcliente` int NOT NULL,
  PRIMARY KEY (`idventa`),
  KEY `idcliente` (`idcliente`),
  CONSTRAINT `venta_ibfk_1` FOREIGN KEY (`idcliente`) REFERENCES `cliente` (`idcliente`)
) ENGINE=InnoDB AUTO_INCREMENT=6 DEFAULT CHARSET=utf8mb4 COLLATE=utf8mb4_0900_ai_ci |
+-------+---------------------------------------------------------------------------------------------------------------------------------------------------------------------------------------------------------------------------------------------------------------------------------------------------------------------------------------------------------------+
1 row in set (0.0020 sec)
 MySQL  localhost:33060+ ssl  tbd2  SQL > alter table venta drop constraint venta_ibfk_1;
Query OK, 0 rows affected (0.0168 sec)

Records: 0  Duplicates: 0  Warnings: 0
 MySQL  localhost:33060+ ssl  tbd2  SQL > show create table venta;
+-------+---------------------------------------------------------------------------------------------------------------------------------------------------------------------------------------------------------------------------------------------------------------------+
| Table | Create Table                                                                                                                                                                                                                                                        |
+-------+---------------------------------------------------------------------------------------------------------------------------------------------------------------------------------------------------------------------------------------------------------------------+
| venta | CREATE TABLE `venta` (
  `idventa` int NOT NULL AUTO_INCREMENT,
  `fecha` date NOT NULL,
  `idcliente` int NOT NULL,
  PRIMARY KEY (`idventa`),
  KEY `idcliente` (`idcliente`)
) ENGINE=InnoDB AUTO_INCREMENT=6 DEFAULT CHARSET=utf8mb4 COLLATE=utf8mb4_0900_ai_ci |
+-------+---------------------------------------------------------------------------------------------------------------------------------------------------------------------------------------------------------------------------------------------------------------------+
1 row in set (0.0016 sec)
 MySQL  localhost:33060+ ssl  tbd2  SQL > alter table venta add constraint foreign key (idcliente) references cliente(idcliente);
Query OK, 3 rows affected (0.1086 sec)

Records: 3  Duplicates: 0  Warnings: 0
 MySQL  localhost:33060+ ssl  tbd2  SQL > show create table venta;
+-------+---------------------------------------------------------------------------------------------------------------------------------------------------------------------------------------------------------------------------------------------------------------------------------------------------------------------------------------------------------------+
| Table | Create Table                                                                                                                                                                                                                                                                                                                                                  |
+-------+---------------------------------------------------------------------------------------------------------------------------------------------------------------------------------------------------------------------------------------------------------------------------------------------------------------------------------------------------------------+
| venta | CREATE TABLE `venta` (
  `idventa` int NOT NULL AUTO_INCREMENT,
  `fecha` date NOT NULL,
  `idcliente` int NOT NULL,
  PRIMARY KEY (`idventa`),
  KEY `idcliente` (`idcliente`),
  CONSTRAINT `venta_ibfk_1` FOREIGN KEY (`idcliente`) REFERENCES `cliente` (`idcliente`)
) ENGINE=InnoDB AUTO_INCREMENT=6 DEFAULT CHARSET=utf8mb4 COLLATE=utf8mb4_0900_ai_ci |
+-------+---------------------------------------------------------------------------------------------------------------------------------------------------------------------------------------------------------------------------------------------------------------------------------------------------------------------------------------------------------------+
1 row in set (0.0012 sec)
 MySQL  localhost:33060+ ssl  tbd2  SQL > create table producto(
                                       ->     idproducto int not null auto_increment key,
                                       ->     nombre varchar(50) not null,
                                       ->     precio decimal (8,2) not null
                                       -> );
Query OK, 0 rows affected (0.0223 sec)
 MySQL  localhost:33060+ ssl  tbd2  SQL > insert into producto(nombre, precio)
                                       -> values('celular', 10000.0), ('television', 15456.2), ('laptop', 35123.2);
Query OK, 3 rows affected (0.0051 sec)

Records: 3  Duplicates: 0  Warnings: 0
 MySQL  localhost:33060+ ssl  tbd2  SQL > select * from producto;
+------------+------------+----------+
| idproducto | nombre     | precio   |
+------------+------------+----------+
|          1 | celular    | 10000.00 |
|          2 | television | 15456.20 |
|          3 | laptop     | 35123.20 |
+------------+------------+----------+
3 rows in set (0.0007 sec)
 MySQL  localhost:33060+ ssl  tbd2  SQL > create table venta_detalle(
                                       ->     idventadetalle int not null auto_increment key,
                                       ->     idventa int not null,
                                       ->     idproducto int not null,
                                       ->     cantidad int,
                                       ->     foreign key(idventa) references venta(idventa),
                                       ->     foreign key(idproducto) references producto(idproducto)
                                       -> );
Query OK, 0 rows affected (0.0461 sec)
 MySQL  localhost:33060+ ssl  tbd2  SQL > show create table venta_detalle;
+---------------+-------------------------------------------------------------------------------------------------------------------------------------------------------------------------------------------------------------------------------------------------------------------------------------------------------------------------------------------------------------------------------------------------------------------------------------------------------------------------------------------------------------------------------------------+
| Table         | Create Table                                                                                                                                                                                                                                                                                                                                                                                                                                                                                                                              |
+---------------+-------------------------------------------------------------------------------------------------------------------------------------------------------------------------------------------------------------------------------------------------------------------------------------------------------------------------------------------------------------------------------------------------------------------------------------------------------------------------------------------------------------------------------------------+
| venta_detalle | CREATE TABLE `venta_detalle` (
  `idventadetalle` int NOT NULL AUTO_INCREMENT,
  `idventa` int NOT NULL,
  `idproducto` int NOT NULL,
  `cantidad` int DEFAULT NULL,
  PRIMARY KEY (`idventadetalle`),
  KEY `idventa` (`idventa`),
  KEY `idproducto` (`idproducto`),
  CONSTRAINT `venta_detalle_ibfk_1` FOREIGN KEY (`idventa`) REFERENCES `venta` (`idventa`),
  CONSTRAINT `venta_detalle_ibfk_2` FOREIGN KEY (`idproducto`) REFERENCES `producto` (`idproducto`)
) ENGINE=InnoDB DEFAULT CHARSET=utf8mb4 COLLATE=utf8mb4_0900_ai_ci |
+---------------+-------------------------------------------------------------------------------------------------------------------------------------------------------------------------------------------------------------------------------------------------------------------------------------------------------------------------------------------------------------------------------------------------------------------------------------------------------------------------------------------------------------------------------------------+
1 row in set (0.0023 sec)
 MySQL  localhost:33060+ ssl  tbd2  SQL > select * from venta;
+---------+------------+-----------+
| idventa | fecha      | idcliente |
+---------+------------+-----------+
|       3 | 2025-08-30 |         2 |
|       4 | 2025-08-30 |         3 |
|       5 | 2025-08-30 |         3 |
+---------+------------+-----------+
3 rows in set (0.0020 sec)
 MySQL  localhost:33060+ ssl  tbd2  SQL > select * from producto;
+------------+------------+----------+
| idproducto | nombre     | precio   |
+------------+------------+----------+
|          1 | celular    | 10000.00 |
|          2 | television | 15456.20 |
|          3 | laptop     | 35123.20 |
+------------+------------+----------+
3 rows in set (0.0029 sec)
 MySQL  localhost:33060+ ssl  tbd2  SQL > insert into venta_detalle(idventa, idproducto, cantidad)
                                       -> values(3,1,5), (3,2,1), (4,3,10), (5,1,1);
Query OK, 4 rows affected (0.0041 sec)

Records: 4  Duplicates: 0  Warnings: 0
 MySQL  localhost:33060+ ssl  tbd2  SQL > select * from venta_detalle;
+----------------+---------+------------+----------+
| idventadetalle | idventa | idproducto | cantidad |
+----------------+---------+------------+----------+
|              1 |       3 |          1 |        5 |
|              2 |       3 |          2 |        1 |
|              3 |       4 |          3 |       10 |
|              4 |       5 |          1 |        1 |
+----------------+---------+------------+----------+
4 rows in set (0.0011 sec)
 MySQL  localhost:33060+ ssl  tbd2  SQL >















